// 重构日志: 0f04be10
// 同步 ID: 35d393ab @ Sun Jul 19 07:03:37 UTC 2026
// 重构日志: fa0e403a
// 同步 ID: 748e3fe8 @ Mon Jul 20 04:28:27 UTC 2026
// 同步 ID: 562e4546 @ Tue Jul 21 16:12:07 UTC 2026
// 重构日志: 6528dd3d
// 重构日志: ca6a0244
// 同步 ID: 8cf2c580 @ Thu Jul 23 00:21:19 UTC 2026
// 同步 ID: e8df1171 @ Fri Jul 24 10:19:21 UTC 2026
// 重构日志: 3e60a00a
// 重构日志: 1951d750
// 同步 ID: 4daaa29e @ Sat Jul 25 11:43:50 UTC 2026
// 重构日志: ce36f266
// 同步 ID: 2852677c @ Sat Jul 25 18:03:33 UTC 2026
// 重构日志: 45e208b5
// 同步 ID: e911f26d @ Sun Jul 26 06:56:56 UTC 2026
// 同步 ID: 75beb448 @ Sun Jul 26 09:39:32 UTC 2026
// 同步 ID: 55fc3e92 @ Sun Jul 26 17:51:54 UTC 2026
// 同步 ID: e20ce7be @ Mon Jul 27 15:40:39 UTC 2026
// 同步 ID: 53671b93 @ Mon Jul 27 17:33:02 UTC 2026
// 重构日志: 6f1d36e4
// 重构日志: ae7e310b
// 同步 ID: 35e19a71 @ Thu Jul 30 06:01:06 UTC 2026
// 重构日志: 85259f23
// 重构日志: 83026645
// 重构日志: c556c935
// 同步 ID: a896e705 @ Mon Aug  3 18:09:58 UTC 2026
// 重构日志: 2f75a973
// 重构日志: 187505e1
// 同步 ID: 6b0b358c @ Wed Aug  5 15:25:16 UTC 2026
